class : CLASS
A : TYPE
{ : LBRACE
x : ID
: : COLON
SELF_TYPE : TYPE
; : SEMI
} : RBRACE
; : SEMI
class : CLASS
B : TYPE
inherits : INHERITS
A : TYPE
{ : LBRACE
y : ID
: : COLON
Int : TYPE
<- : ASSIGN
0 : INT
; : SEMI
} : RBRACE
; : SEMI
<EOF> : EOF
