class : CLASS
A : TYPE
{ : LBRACE
x : ID
: : COLON
SELF_TYPE : TYPE
; : SEMI
f : ID
( : LPAREN
) : RPAREN
: : COLON
Object : TYPE
{ : LBRACE
0 : INT
} : RBRACE
; : SEMI
} : RBRACE
; : SEMI
class : CLASS
B : TYPE
inherits : INHERITS
A : TYPE
{ : LBRACE
y : ID
: : COLON
Int : TYPE
<- : ASSIGN
0 : INT
; : SEMI
g : ID
( : LPAREN
x : ID
: : COLON
Int : TYPE
, : COMMA
y : ID
: : COLON
Bool : TYPE
) : RPAREN
: : COLON
Int : TYPE
{ : LBRACE
0 : INT
} : RBRACE
; : SEMI
} : RBRACE
; : SEMI
<EOF> : EOF
"04-method.cl", line 1:1, Syntax error: mismatched input 'class' expecting <EOF>
Compilation halted
