class : CLASS
A : TYPE
{ : LBRACE
x : ID
: : COLON
Int : TYPE
; : SEMI
f : ID
( : LPAREN
y : ID
: : COLON
Int : TYPE
) : RPAREN
: : COLON
Int : TYPE
{ : LBRACE
x : ID
<- : ASSIGN
y : ID
} : RBRACE
; : SEMI
f : ID
( : LPAREN
y : ID
: : COLON
Int : TYPE
, : COMMA
z : ID
: : COLON
Int : TYPE
) : RPAREN
: : COLON
Int : TYPE
{ : LBRACE
x : ID
<- : ASSIGN
y : ID
<- : ASSIGN
z : ID
} : RBRACE
; : SEMI
} : RBRACE
; : SEMI
<EOF> : EOF
