class : CLASS
A : TYPE
{ : LBRACE
f : ID
( : LPAREN
x : ID
: : COLON
Int : TYPE
) : RPAREN
: : COLON
Int : TYPE
{ : LBRACE
if : IF
x : ID
<= : LE
5 : INT
then : THEN
x : ID
else : ELSE
x : ID
+ : PLUS
1 : INT
fi : FI
} : RBRACE
; : SEMI
} : RBRACE
; : SEMI
<EOF> : EOF
"11-if.cl", line 1:1, Syntax error: mismatched input 'class' expecting <EOF>
Compilation halted
