class : CLASS
A : TYPE
{ : LBRACE
f : ID
( : LPAREN
x : ID
: : COLON
Int : TYPE
) : RPAREN
: : COLON
Int : TYPE
{ : LBRACE
let : LET
x : ID
: : COLON
Int : TYPE
<- : ASSIGN
x : ID
+ : PLUS
1 : INT
, : COMMA
y : ID
: : COLON
Int : TYPE
<- : ASSIGN
x : ID
+ : PLUS
1 : INT
in : IN
x : ID
} : RBRACE
; : SEMI
} : RBRACE
; : SEMI
<EOF> : EOF
"13-let.cl", line 1:1, Syntax error: mismatched input 'class' expecting <EOF>
Compilation halted
