class : CLASS
A : TYPE
{ : LBRACE
long : ID
: : COLON
String : TYPE
<- : ASSIGN
String constant too long : ERROR
; : SEMI
null : ID
: : COLON
String : TYPE
<- : ASSIGN
String contains null character : ERROR
; : SEMI
unterminated : ID
: : COLON
String : TYPE
<- : ASSIGN
Unterminated string constant : ERROR
; : SEMI
eof : ID
: : COLON
String : TYPE
<- : ASSIGN
EOF in string constant : ERROR
<EOF> : EOF
"18-error-string.cl", line 2:22, Lexical error: String constant too long
"18-error-string.cl", line 3:22, Lexical error: String contains null character
"18-error-string.cl", line 4:30, Lexical error: Unterminated string constant
"18-error-string.cl", line 6:21, Lexical error: EOF in string constant
Compilation halted
