class : CLASS
A : TYPE
{ : LBRACE
x : ID
: : COLON
Int : TYPE
; : SEMI
Invalid character: # : ERROR
} : RBRACE
; : SEMI
<EOF> : EOF
"20-error-invalid-character.cl", line 2:14, Lexical error: Invalid character: #
Compilation halted
